../Core/Src/main.c:87:5:main	136	static
../Core/Src/main.c:244:6:SystemClock_Config	88	static
../Core/Src/main.c:288:13:MX_ADC1_Init	24	static
../Core/Src/main.c:342:13:MX_TIM2_Init	32	static
../Core/Src/main.c:384:13:MX_TIM3_Init	48	static
../Core/Src/main.c:437:13:MX_TIM4_Init	32	static
../Core/Src/main.c:479:13:MX_USART2_UART_Init	8	static
../Core/Src/main.c:510:13:MX_GPIO_Init	48	static
../Core/Src/main.c:572:6:HAL_TIM_PeriodElapsedCallback	16	static
../Core/Src/main.c:581:6:HAL_TIM_IC_CaptureCallback	16	static
../Core/Src/main.c:603:6:Error_Handler	4	static,ignoring_inline_asm
